// Jest Snapshot v1, https://goo.gl/fbAQLP

exports[`App render 1`] = `
<div>
  <div
    class="App"
  >
    <h1>
      Hello from App
    </h1>
    <p
      class="newTxt"
    >
      Old heading
    </p>
    <button>
      Use new Heading
    </button>
  </div>
</div>
`;
